2026-07-15 15:35:43,729 INFO UNDERPRICED [RTX 5060 8GB] GIGABYTE GeForce RTX 5060 EAGLE OC ICE 8GB ÚJ -- 102,000 Ft (median 142,500 Ft, 28.4% below) -- seller=Mikulás rating=+18 loc=Baja -- https://hardverapro.hu/apro/gigabyte_geforce_rtx_5060_eagle_oc_ice_8gb_2/friss.html
2026-07-15 15:35:43,729 INFO UNDERPRICED [RTX 5060 8GB] GIGABYTE GeForce RTX 5060 EAGLE OC 8GB ÚJ -- 101,000 Ft (median 142,500 Ft, 29.1% below) -- seller=Mikulás rating=+18 loc=Baja -- https://hardverapro.hu/apro/gigabyte_geforce_rtx_5060_eagle_oc_8gb/friss.html
2026-07-15 15:35:43,730 INFO UNDERPRICED [RX 470 4GB] Radeon RX 470/570 4GB kártyák 30+db powercolor asus sapphire msi -- 12,500 Ft (median 22,500 Ft, 44.4% below) -- seller=donatx rating=+51 loc=XVI. kerület, Veszprém -- https://hardverapro.hu/apro/radeon_rx_470_570_4gb_kartyak_30_db_powercolor_asu/friss.html
2026-07-15 15:35:43,894 INFO Cycle done: 297 scraped, 232 priced GPU listings, 27 models with enough samples, 3 new deals flagged.
2026-07-15 15:36:56,648 INFO UNDERPRICED [RX 570 8GB] ASUS ROG STRIX RX 570 8 GB -- 10,000 Ft (median 19,990 Ft, 50.0% below) -- seller=patrikl21 rating=+4 loc=Gyöngyös -- https://hardverapro.hu/apro/asus_rog_strix_rx_570_8_gb_2/friss.html
2026-07-15 15:36:56,813 INFO UNDERPRICED [RX 570 8GB] RX570 8GB MINING TÖBB DARAB GARANCIÁS -- 12,000 Ft (median 19,990 Ft, 40.0% below) -- seller=DajaPécs rating=+1211 loc=Pécs -- https://hardverapro.hu/apro/radeon_6700xt_msi_gaming_x_12gb_garancias/friss.html
2026-07-15 15:36:56,940 INFO UNDERPRICED [GTX 1650] gtx1650 vga dobozok! (1105) -- 1,500 Ft (median 25,000 Ft, 94.0% below) -- seller=stevehardver rating=+323 loc=Sopron -- https://hardverapro.hu/apro/asus_27_100hz/friss.html
2026-07-15 15:36:56,941 INFO UNDERPRICED [GT 1030 2GB] MSI Geforce GT1030 2GB videokártya -- 9,999 Ft (median 16,900 Ft, 40.8% below) -- seller=Gombafa rating=+1276 loc=Budapest -- https://hardverapro.hu/apro/msi_geforce_gt1030_2gb_videokartya/friss.html
2026-07-15 15:36:56,941 INFO UNDERPRICED [RTX 3050 6GB] Gainward GeForce RTX 3050 6GB videokártya -- 50,000 Ft (median 74,500 Ft, 32.9% below) -- seller=Feederpowa rating=+1 loc=Nyíregyháza -- https://hardverapro.hu/apro/gainward_geforce_rtx_3050_6gb_videokartya/friss.html
2026-07-15 15:36:56,941 INFO UNDERPRICED [RX 470 4GB] SAPPHIRE Radeon RX 470 Mining Edition 4GB GDDR5 256bit -- 7,990 Ft (median 11,750 Ft, 32.0% below) -- seller=paD_Dock rating=+609|-1 loc=Budapest -- https://hardverapro.hu/apro/sapphire_radeon_rx_470_mining_edition_4gb_gddr5_25_6/friss.html
2026-07-15 15:36:56,942 INFO UNDERPRICED [RX 5700 XT 8GB] GIGABYTE AORUS RX 5700 XT 8GB GDDR6 256bit -- 39,990 Ft (median 54,490 Ft, 26.6% below) -- seller=paD_Dock rating=+609|-1 loc=Budapest -- https://hardverapro.hu/apro/gigabyte_radeon_rx_5700_xt_8gb_gddr6_256bit/friss.html
2026-07-15 15:36:56,942 INFO UNDERPRICED [RTX 4090] 4db GAINWARD RTX 4090 Phantom HŰTÉS! -- 20,000 Ft (median 749,990 Ft, 97.3% below) -- seller=PcGo.hu rating=+3374 loc=XIII. kerület -- https://hardverapro.hu/apro/4db_gainward_rtx_4090_phantom_hutes/friss.html
2026-07-15 15:36:56,942 INFO UNDERPRICED [GTX 960] MSI GeForce GTX 960 Gaming - számlával, garanciával -- 9,990 Ft (median 15,000 Ft, 33.4% below) -- seller=pentiumspeed rating=+552 loc=Pécs -- https://hardverapro.hu/apro/msi_geforce_gtx_960_gaming_szamlaval_garanciaval/friss.html
2026-07-15 15:36:56,942 INFO UNDERPRICED [GTX 1650 4GB] Manli GeForce GTX 1650 4GB -- 20,000 Ft (median 29,900 Ft, 33.1% below) -- seller=Tomsonator rating=+18 loc=Debrecen -- https://hardverapro.hu/apro/manli_geforce_gtx_1650_4gb/friss.html
2026-07-15 15:36:56,942 INFO UNDERPRICED [GT 1030 2GB] MSI GT 1030 2Gb Lp -- 10,000 Ft (median 16,900 Ft, 40.8% below) -- seller=hening rating=+49 loc=Győr -- https://hardverapro.hu/apro/msi_gt_1030_2gb_lp_4/friss.html
2026-07-15 15:36:56,943 INFO UNDERPRICED [GTX 1660 TI 6GB] Manli GTX 1660 Ti 6GB GDDR6 -- 26,000 Ft (median 50,000 Ft, 48.0% below) -- seller=GombosDavid rating=n.a. loc=Debrecen -- https://hardverapro.hu/apro/manli_gtx_1660_ti_6gb_gddr6/friss.html
2026-07-15 15:36:56,943 INFO UNDERPRICED [RTX 4060 8GB] Gigabyte GeForce RTX 4060 EAGLE OC White 8GB -- 70,000 Ft (median 100,000 Ft, 30.0% below) -- seller=mediabaa rating=+1 loc=Budapest -- https://hardverapro.hu/apro/gigabyte_geforce_rtx_4060_eagle_oc_white_8gb/friss.html
2026-07-15 15:36:56,943 INFO UNDERPRICED [GTX 1660 SUPER 6GB] Asus Phoenix GTX1660 Super 6Gb -- 27,000 Ft (median 38,500 Ft, 29.9% below) -- seller=tepitepi rating=+291 loc=Tompa -- https://hardverapro.hu/apro/asus_phoenix_gtx1660_super_6gb_2/friss.html
2026-07-15 15:36:56,943 INFO UNDERPRICED [GT 730 2GB] Asus GeForce GT 730 DCSL videokártya, 2GB DDR3, 128-bit -- 4,000 Ft (median 6,000 Ft, 33.3% below) -- seller=Dinomano rating=+51 loc=Nagykanizsa -- https://hardverapro.hu/apro/asus_geforce_gt_730_dcsl_videokartya_2gb_ddr3_128/friss.html
2026-07-15 15:36:56,944 INFO UNDERPRICED [RX 580 8GB] Rx 580 8gb kártyák -- 15,000 Ft (median 25,900 Ft, 42.1% below) -- seller=klodi5 rating=+70 loc=Bogád -- https://hardverapro.hu/apro/rx_580_8gb_kartyak/friss.html
2026-07-15 15:36:56,944 INFO UNDERPRICED [RTX 5070] Új Gigabyte rtx 5070 windforce vga-t cserélném több kisebb vga-ra . -- 18,000 Ft (median 210,000 Ft, 91.4% below) -- seller=knapci rating=+525|-1 loc=Szolnok -- https://hardverapro.hu/apro/uj_gigabyte_rtx_5070_windforce_vga-t_cserelnem_tob/friss.html
2026-07-15 15:36:56,944 INFO UNDERPRICED [GTX 960 2GB] Gtx 960 2gb -- 9,000 Ft (median 12,500 Ft, 28.0% below) -- seller=Konrad94 rating=+1 loc=Esztergom -- https://hardverapro.hu/apro/gtx_960_2gb_lga8/friss.html
2026-07-15 15:36:56,944 INFO UNDERPRICED [GTX 1050 TI] GEFORCE GTX 1050TI videókártya -- 10,000 Ft (median 24,950 Ft, 59.9% below) -- seller=kalman.oti94 rating=n.a. loc=Salgótarján -- https://hardverapro.hu/apro/geforce_gtx_1050ti_videokartya_2/friss.html
2026-07-15 15:36:57,149 INFO Cycle done: 1485 scraped, 984 priced GPU listings, 103 models with enough samples, 19 new deals flagged.
2026-07-15 15:39:01,393 INFO Starting GPU price watcher (interval=10 min, threshold=25.0%)
2026-07-15 15:39:43,940 INFO UNDERPRICED [GT 1030 2GB] MSI Geforce GT1030 2GB videokártya -- 9,999 Ft (median 16,900 Ft, 40.8% below) -- seller=Gombafa rating=+1276 loc=Budapest -- https://hardverapro.hu/apro/msi_geforce_gt1030_2gb_videokartya/friss.html
2026-07-15 15:39:44,104 INFO UNDERPRICED [RTX 3050 6GB] Gainward GeForce RTX 3050 6GB videokártya -- 50,000 Ft (median 74,500 Ft, 32.9% below) -- seller=Feederpowa rating=+1 loc=Nyíregyháza -- https://hardverapro.hu/apro/gainward_geforce_rtx_3050_6gb_videokartya/friss.html
2026-07-15 15:39:44,222 INFO UNDERPRICED [RX 470 4GB] SAPPHIRE Radeon RX 470 Mining Edition 4GB GDDR5 256bit -- 7,990 Ft (median 11,750 Ft, 32.0% below) -- seller=paD_Dock rating=+609|-1 loc=Budapest -- https://hardverapro.hu/apro/sapphire_radeon_rx_470_mining_edition_4gb_gddr5_25_6/friss.html
2026-07-15 15:39:44,364 INFO UNDERPRICED [RX 5700 XT 8GB] GIGABYTE AORUS RX 5700 XT 8GB GDDR6 256bit -- 39,990 Ft (median 54,490 Ft, 26.6% below) -- seller=paD_Dock rating=+609|-1 loc=Budapest -- https://hardverapro.hu/apro/gigabyte_radeon_rx_5700_xt_8gb_gddr6_256bit/friss.html
2026-07-15 15:39:44,497 INFO UNDERPRICED [RTX 4090] 4db GAINWARD RTX 4090 Phantom HŰTÉS! -- 20,000 Ft (median 749,990 Ft, 97.3% below) -- seller=PcGo.hu rating=+3374 loc=XIII. kerület -- https://hardverapro.hu/apro/4db_gainward_rtx_4090_phantom_hutes/friss.html
2026-07-15 15:39:44,630 INFO UNDERPRICED [GTX 960] MSI GeForce GTX 960 Gaming - számlával, garanciával -- 9,990 Ft (median 15,000 Ft, 33.4% below) -- seller=pentiumspeed rating=+552 loc=Pécs -- https://hardverapro.hu/apro/msi_geforce_gtx_960_gaming_szamlaval_garanciaval/friss.html
2026-07-15 15:39:44,773 INFO UNDERPRICED [GTX 1650 4GB] Manli GeForce GTX 1650 4GB -- 20,000 Ft (median 29,900 Ft, 33.1% below) -- seller=Tomsonator rating=+18 loc=Debrecen -- https://hardverapro.hu/apro/manli_geforce_gtx_1650_4gb/friss.html
2026-07-15 15:39:44,914 INFO UNDERPRICED [GT 1030 2GB] MSI GT 1030 2Gb Lp -- 10,000 Ft (median 16,900 Ft, 40.8% below) -- seller=hening rating=+49 loc=Győr -- https://hardverapro.hu/apro/msi_gt_1030_2gb_lp_4/friss.html
2026-07-15 15:39:45,056 INFO UNDERPRICED [GTX 1660 TI 6GB] Manli GTX 1660 Ti 6GB GDDR6 -- 26,000 Ft (median 50,000 Ft, 48.0% below) -- seller=GombosDavid rating=n.a. loc=Debrecen -- https://hardverapro.hu/apro/manli_gtx_1660_ti_6gb_gddr6/friss.html
2026-07-15 15:39:45,197 INFO UNDERPRICED [RTX 4060 8GB] Gigabyte GeForce RTX 4060 EAGLE OC White 8GB -- 70,000 Ft (median 100,000 Ft, 30.0% below) -- seller=mediabaa rating=+1 loc=Budapest -- https://hardverapro.hu/apro/gigabyte_geforce_rtx_4060_eagle_oc_white_8gb/friss.html
2026-07-15 15:39:45,347 INFO UNDERPRICED [GTX 1660 SUPER 6GB] Asus Phoenix GTX1660 Super 6Gb -- 27,000 Ft (median 38,500 Ft, 29.9% below) -- seller=tepitepi rating=+291 loc=Tompa -- https://hardverapro.hu/apro/asus_phoenix_gtx1660_super_6gb_2/friss.html
2026-07-15 15:39:45,497 INFO UNDERPRICED [GT 730 2GB] Asus GeForce GT 730 DCSL videokártya, 2GB DDR3, 128-bit -- 4,000 Ft (median 6,000 Ft, 33.3% below) -- seller=Dinomano rating=+51 loc=Nagykanizsa -- https://hardverapro.hu/apro/asus_geforce_gt_730_dcsl_videokartya_2gb_ddr3_128/friss.html
2026-07-15 15:39:45,631 INFO UNDERPRICED [RX 580 8GB] Rx 580 8gb kártyák -- 15,000 Ft (median 25,900 Ft, 42.1% below) -- seller=klodi5 rating=+70 loc=Bogád -- https://hardverapro.hu/apro/rx_580_8gb_kartyak/friss.html
2026-07-15 15:39:45,797 INFO UNDERPRICED [GTX 960 2GB] Gtx 960 2gb -- 9,000 Ft (median 12,500 Ft, 28.0% below) -- seller=Konrad94 rating=+1 loc=Esztergom -- https://hardverapro.hu/apro/gtx_960_2gb_lga8/friss.html
2026-07-15 15:39:45,965 INFO UNDERPRICED [GTX 1050 TI] GEFORCE GTX 1050TI videókártya -- 10,000 Ft (median 24,950 Ft, 59.9% below) -- seller=kalman.oti94 rating=n.a. loc=Salgótarján -- https://hardverapro.hu/apro/geforce_gtx_1050ti_videokartya_2/friss.html
2026-07-15 15:39:46,340 INFO Cycle done: 1483 scraped, 983 priced GPU listings, 102 models with enough samples, 15 new deals flagged.
2026-07-15 15:46:56,984 INFO Starting GPU price watcher (interval=10 min, threshold=25.0%)
2026-07-15 15:47:29,125 INFO UNDERPRICED [GTX 960 4GB] Videokártyák GTX960/GTX970 4GB/1050/1650/1060/1660 -- 5,000 Ft (median 13,500 Ft, 63.0% below) -- seller=novashop rating=+346 loc=Budapest, Debrecen, Miskolc -- https://hardverapro.hu/apro/asus_rog_strix_rx570_4gb_gaming_4/friss.html
2026-07-15 15:47:29,125 INFO UNDERPRICED [RTX 2060 6GB] Gigabyte RTX 2060 OC 6Gb -- 45,000 Ft (median 60,000 Ft, 25.0% below) -- seller=Benkebandi rating=+4 loc=Gödöllő -- https://hardverapro.hu/apro/gigabyte_rtx_2060_oc_6gb_ktim/friss.html
2026-07-15 15:47:29,539 INFO Cycle done: 1480 scraped, 980 priced GPU listings, 103 models with enough samples, 2 new deals flagged.
2026-07-15 15:52:48,631 INFO Starting GPU price watcher (interval=10 min, threshold=25.0%)
2026-07-15 15:53:21,393 INFO UNDERPRICED [GTX 960 4GB] Gigabyte GTX 960 4GB Windforce OC GV-N960WF2OC-4GD -- 11,600 Ft (median 15,995 Ft, 27.5% below) -- seller=juanito333 rating=+15 loc=I. kerület, V. kerület, Szeged -- https://hardverapro.hu/apro/gigabyte_gtx_960_4gb_windforce_oc_gv-n960wf2oc-4gd_2/friss.html
2026-07-15 15:53:22,647 INFO Cycle done: 1482 scraped, 978 priced GPU listings, 103 models with enough samples, 1 new deals flagged.
